// Bun Snapshot v1, https://goo.gl/fbAQLP

exports[`generateLLMsTxt generates a \`llms.txt\` file 1`] = `
"# Some cool stuff

This file contains links to all documentation sections.

## Table of Contents

- [My Title](/index.md)
- [My Title 2](/test/test.md)
"
`;

exports[`generateLLMsFullTxt generates a \`llms-full.txt\` file 1`] = `
"---
url: /index.md
---
# Some cool stuff

---

---
url: /test/test.md
---
# Some cool stuff
"
`;
