// Bun Snapshot v1, https://goo.gl/fbAQLP

exports[`generateLLMsTxt generates a \`llms.txt\` file 1`] = `
"# My Site

> This file contains links to all documentation sections.

## Table of Contents

- [My Title](/index.md)
- [My Title 2](/test/test.md)
"
`;

exports[`generateLLMsTxt works correctly with a custom template 1`] = `
"# Custom title

> Custom description

## TOC

- [My Title](/index.md)
- [My Title 2](/test/test.md)
"
`;

exports[`generateLLMsTxt works correctly with a custom template variables 1`] = `
"# foo

> bar

## Table of Contents

zoo"
`;

exports[`generateLLMsTxt works correctly with a custom template and variables 1`] = `
"# {foo}

**{bar}**

{zoo}"
`;

exports[`generateLLMsFullTxt generates a \`llms-full.txt\` file 1`] = `
"---
url: /index.md
---
# Welcome
Content goes here

---

---
url: /test/test.md
---
# Some cool stuff
"
`;
